
> vite-project@0.0.0 test
> vitest --run


[1m[46m RUN [49m[22m [36mv4.1.0 [39m[90mC:/Users/jimmy/Dev/vite-base-v7/vite-project[39m

 [32mÔ£ô[39m src/services/userService.test.ts [2m([22m[2m2 tests[22m[2m)[22m[32m 49[2mms[22m[39m
[90mstdout[2m | src/hooks/useUser.test.tsx[2m > [22m[2museUser Hook[2m > [22m[2mreturns user data successfully
[22m[39m[API Request] GET /users/1

 [32mÔ£ô[39m src/components/errors/GlobalErrorBoundary.test.tsx [2m([22m[2m2 tests[22m[2m)[22m[32m 89[2mms[22m[39m
 [31mÔØ»[39m src/components/user/UserProfile.test.tsx [2m([22m[2m2 tests[22m[2m | [22m[31m2 failed[39m[2m)[22m[32m 32[2mms[22m[39m
[31m     [31m├ù[31m renders user details successfully[39m[32m 19[2mms[22m[39m
[31m     [31m├ù[31m handles server error[39m[32m 5[2mms[22m[39m
 [32mÔ£ô[39m src/components/errors/CodeErrorBoundary.test.tsx [2m([22m[2m3 tests[22m[2m)[22m[32m 125[2mms[22m[39m
[90mstdout[2m | src/hooks/useUser.test.tsx[2m > [22m[2museUser Hook[2m > [22m[2mhandles API errors correctly
[22m[39m[API Request] GET /users/999

 [32mÔ£ô[39m src/pages/About.test.tsx [2m([22m[2m2 tests[22m[2m)[22m[32m 225[2mms[22m[39m
 [32mÔ£ô[39m src/hooks/useUser.test.tsx [2m([22m[2m2 tests[22m[2m)[22m[32m 185[2mms[22m[39m
[90mstdout[2m | src/pages/Home.test.tsx[2m > [22m[2mHome Page[2m > [22m[2mrenders correctly and displays essential elements
[22m[39m[API Request] GET /users/1

[90mstdout[2m | src/pages/Home.test.tsx[2m > [22m[2mHome Page[2m > [22m[2mhandles simulated component errors gracefully
[22m[39m[API Request] GET /users/1

[90mstdout[2m | src/pages/Home.test.tsx[2m > [22m[2mHome Page[2m > [22m[2mrenders MSW example successfully
[22m[39m[API Request] GET /users/1

 [32mÔ£ô[39m src/pages/Home.test.tsx [2m([22m[2m3 tests[22m[2m)[22m[33m 422[2mms[22m[39m
node.exe : 
En línea: 1 Carácter: 1
+ & "C:\Users\jimmy\AppData\Local\fnm_
multishells\23244_1773497883833/n ...
+ ~~~~~~~~~~~~~~~~~~~~~~~~~~~~~~~~~~~~
~~~~~~~~~~~~~~~~~~~~~~~~~~~~~~~~~
    + CategoryInfo          : NotSpec 
   ified: (:String) [], RemoteExcept  
  ion
    + FullyQualifiedErrorId : NativeC 
   ommandError
 
[31mÔÄ»ÔÄ»ÔÄ»ÔÄ»ÔÄ»ÔÄ»ÔÄ»[39m[1m[4
1m Failed Tests 2 [49m[22m[31mÔÄ»ÔÄ
»ÔÄ»ÔÄ»ÔÄ»ÔÄ»ÔÄ»[39m

[41m[1m FAIL [22m[49m src/componen
ts/user/UserProfile.test.tsx[2m > 
[22mUserProfile[2m > [22mrenders 
user details successfully
[41m[1m FAIL [22m[49m src/componen
ts/user/UserProfile.test.tsx[2m > 
[22mUserProfile[2m > [22mhandles 
server error
[31m[1mError[22m: No QueryClient 
set, use QueryClientProvider to set 
one[39m
[90m [2mÔØ»[22m useQueryClient node
_modules/@tanstack/react-query/src/Que
ryClientProvider.tsx:[2m18:10[22m[3
9m
[90m [2mÔØ»[22m useBaseQuery node_m
odules/@tanstack/react-query/src/useBa
seQuery.ts:[2m54:17[22m[39m
[90m [2mÔØ»[22m useQuery node_modul
es/@tanstack/react-query/src/useQuery.
ts:[2m51:9[22m[39m
[36m [2mÔØ»[22m useFetch src/hooks/
useFetch.ts:[2m9:10[22m[39m
    [90m  7|[39m   options?: 
Omit<UseQueryOptions<T, AxiosError>, 
'queryKey' | 'queryFnÔÇª
    [90m  8|[39m ) [33m=>[39m {
    [90m  9|[39m   [35mreturn[39m 
useQuery[33m<[39m[33mT[39m[33m,[
39m [33mAxiosError[39m[33m>[39m({
    [90m   |[39m          
[31m^[39m
    [90m 10|[39m     
queryKey[33m:[39m [url][33m,[39m
    [90m 11|[39m     
queryFn[33m:[39m [35masync[39m ({ 
signal }) [33m=>[39m {
[90m [2mÔØ»[22m useUser src/hooks/u
seUser.ts:[2m6:10[22m[39m
[90m [2mÔØ»[22m UserProfile src/com
ponents/user/UserProfile.tsx:[2m4:44
[22m[39m
[90m [2mÔØ»[22m 
Object.react_stack_bottom_frame node_m
odules/react-dom/cjs/react-dom-client.
development.js:[2m25904:20[22m[39m
[90m [2mÔØ»[22m renderWithHooks nod
e_modules/react-dom/cjs/react-dom-clie
nt.development.js:[2m7662:22[22m[39
m
[90m [2mÔØ»[22m 
updateFunctionComponent node_modules/r
eact-dom/cjs/react-dom-client.developm
ent.js:[2m10166:19[22m[39m
[90m [2mÔØ»[22m beginWork node_modu
les/react-dom/cjs/react-dom-client.dev
elopment.js:[2m11778:18[22m[39m

[31m[2mÔÄ»ÔÄ»ÔÄ»ÔÄ»ÔÄ»ÔÄ»ÔÄ»ÔÄ»ÔÄ»ÔÄ
»ÔÄ»ÔÄ»ÔÄ»ÔÄ»ÔÄ»ÔÄ»ÔÄ»ÔÄ»ÔÄ»ÔÄ»ÔÄ»ÔÄ»Ô
Ä»ÔÄ»[1/2]ÔÄ»[22m[39m


[2m Test Files [22m [1m[31m1 failed[39m[22m[2m | [22m[1m[32m6 passed[39m[22m[90m (7)[39m
[2m      Tests [22m [1m[31m2 failed[39m[22m[2m | [22m[1m[32m14 passed[39m[22m[90m (16)[39m
[2m   Start at [22m 12:23:33
[2m   Duration [22m 2.28s[2m (transform 608ms, setup 2.22s, import 1.88s, tests 1.13s, environment 6.09s)[22m

